version https://git-lfs.github.com/spec/v1
oid sha256:eb9cc110231c9fd164bd7ee0dcc128766ac2ec47a70b97e64074eb4060fe6ddd
size 173081213
